Failed to start scheduler: No module named 'apscheduler'
